04-01 10:53:16.915 19863 19863 E GsaWebChromeClient: WebView=com.google.android.apps.gsa.search.core.webview.WebViewWrapper@425c144, Url=https://www.google.com/search?hl=en-US&oe=utf-8&safe=images&gcc=us&ctzn=GMT&ctf=0&v=7.8.26.21.x86&padt=200&padb=844&ntyp=1&ram_mb=1494&action=devloc&source=and.gsa.launcher.gtab&tch=6&ar=0&rf=1&ampcct=21&noj=1&client=ms-unknown&wf=pp1&qsubts=1680346393377&q=small%20image%20download&agsabk=1, Source=https://www.google.com/uviewer?q=small%20image%20download&safe=images&client=ms-unknown&hl=en-US&v=7.8.26.21.x86&origin=https%3A%2F%2Fwww.google.com&padt=200, Line=0, Message=Unrecognized Content-Security-Policy directive 'require-trusted-types-for'.
04-01 10:53:16.927  1443 24057 D gralloc_ranchu: gralloc_alloc: Creating ashmem region of size 17973248
04-01 10:53:16.937  1443  1489 D gralloc_ranchu: gralloc_alloc: Creating ashmem region of size 17973248
04-01 10:53:16.941  1443  1489 D gralloc_ranchu: gralloc_alloc: Creating ashmem region of size 17973248
04-01 10:53:16.956 19863 19863 W WebViewRenderState: resultsPageWebViewResponsive: not current commit, new=77156610283236299, committed=0
04-01 10:53:16.983  8250  8275 D EGL_emulation: eglMakeCurrent: 0xe5875680: ver 2 0 (tinfo 0xde86f420)
04-01 10:53:17.052 19863 19863 W SearchGraphLegacyWorker: SearchGraph prewarming cache miss.
04-01 10:53:17.054 19863 19863 W SearchGraphLegacyWorker: SearchGraph prewarming cache miss.
04-01 10:53:17.056 19863 19863 I OptInState: There is a new client and it does not support opt-in. Dropping request.
04-01 10:53:17.057  1810  1904 D gralloc_ranchu: gralloc_unregister_buffer: exiting HostConnection (is buffer-handling thread)
04-01 10:53:17.059  1810  1904 D         : HostConnection::get() New Host Connection established 0xcfcd73c0, tid 1904
04-01 10:53:17.062  1810  1904 D gralloc_ranchu: gralloc_unregister_buffer: exiting HostConnection (is buffer-handling thread)
04-01 10:53:17.074 19863  3501 I PBSessionCacheImpl: Deleted sessionId[154242315771] from persistence.
04-01 10:53:17.109  1443  1489 D gralloc_ranchu: gralloc_alloc: Creating ashmem region of size 17973248
04-01 10:53:17.113  1443  1489 I chatty  : uid=1000(system) HwBinder:1443_1 identical 1 line
04-01 10:53:17.116  1443  1489 D gralloc_ranchu: gralloc_alloc: Creating ashmem region of size 17973248
04-01 10:53:17.130 19999 20015 I PeopleChimeraService: onService. callbacks = aabq@bf9cfc8, request = com.google.android.gms.common.internal.GetServiceRequest@35c9861
04-01 10:53:17.160 19863 20025 D EGL_emulation: eglMakeCurrent: 0xcc30e380: ver 2 0 (tinfo 0xcc37f130)
04-01 10:53:17.243  1443  1489 D gralloc_ranchu: gralloc_alloc: Creating ashmem region of size 17973248
04-01 10:53:17.247  1810  9182 D         : HostConnection::get() New Host Connection established 0xcfcd7340, tid 9182
04-01 10:53:17.257  8209  8241 D EGL_emulation: eglMakeCurrent: 0xe0105120: ver 2 0 (tinfo 0xe0103350)
04-01 10:53:17.258  8250  8275 D EGL_emulation: eglMakeCurrent: 0xe5875680: ver 2 0 (tinfo 0xde86f420)
04-01 10:53:17.263  1453  1475 D gralloc_ranchu: gralloc_unregister_buffer: exiting HostConnection (is buffer-handling thread)
04-01 10:53:17.263  1453  1509 D gralloc_ranchu: gralloc_unregister_buffer: exiting HostConnection (is buffer-handling thread)
04-01 10:53:17.263  1453  1509 D         : HostConnection::get() New Host Connection established 0xec4a1680, tid 1509
04-01 10:53:17.264  1453  1509 D gralloc_ranchu: gralloc_unregister_buffer: exiting HostConnection (is buffer-handling thread)
04-01 10:53:17.264  1453  1453 E EGL_emulation: tid 1453: eglCreateSyncKHR(2017): error 0x3004 (EGL_BAD_ATTRIBUTE)
04-01 10:53:17.265  1453  1475 D         : HostConnection::get() New Host Connection established 0xeb36a480, tid 1475
04-01 10:53:17.265  1453  1509 D         : HostConnection::get() New Host Connection established 0xec4a1680, tid 1509
04-01 10:53:17.265  1453  1475 D gralloc_ranchu: gralloc_unregister_buffer: exiting HostConnection (is buffer-handling thread)
04-01 10:53:17.266  1453  1475 D         : HostConnection::get() New Host Connection established 0xeb36a480, tid 1475
04-01 10:53:17.267  1453  1475 D gralloc_ranchu: gralloc_unregister_buffer: exiting HostConnection (is buffer-handling thread)
04-01 10:53:17.267  1453  1509 D gralloc_ranchu: gralloc_unregister_buffer: exiting HostConnection (is buffer-handling thread)
04-01 10:53:17.268  1453  1475 D         : HostConnection::get() New Host Connection established 0xeb36a480, tid 1475
04-01 10:53:17.269  1453  1475 D gralloc_ranchu: gralloc_unregister_buffer: exiting HostConnection (is buffer-handling thread)
04-01 10:53:17.269  1453  1509 D         : HostConnection::get() New Host Connection established 0xec4a1680, tid 1509
04-01 10:53:17.270  1453  1509 D gralloc_ranchu: gralloc_unregister_buffer: exiting HostConnection (is buffer-handling thread)
04-01 10:53:17.274  1453  1476 D gralloc_ranchu: gralloc_unregister_buffer: exiting HostConnection (is buffer-handling thread)
04-01 10:53:17.275  1453  1476 D         : HostConnection::get() New Host Connection established 0xec4a1540, tid 1476
04-01 10:53:17.276  1453  1476 D gralloc_ranchu: gralloc_unregister_buffer: exiting HostConnection (is buffer-handling thread)
04-01 10:53:17.282 19863 20025 D EGL_emulation: eglMakeCurrent: 0xcc30e380: ver 2 0 (tinfo 0xcc37f130)
04-01 10:53:17.285  1453  1509 D         : HostConnection::get() New Host Connection established 0xec7c6880, tid 1509
04-01 10:53:17.286  1453  1509 D gralloc_ranchu: gralloc_unregister_buffer: exiting HostConnection (is buffer-handling thread)
04-01 10:53:17.286  1453  1509 D         : HostConnection::get() New Host Connection established 0xec7c6880, tid 1509
04-01 10:53:17.288  1453  1509 D gralloc_ranchu: gralloc_unregister_buffer: exiting HostConnection (is buffer-handling thread)
04-01 10:53:17.289  1453  1509 D         : HostConnection::get() New Host Connection established 0xec7c6880, tid 1509
04-01 10:53:17.289  1453  1509 D gralloc_ranchu: gralloc_unregister_buffer: exiting HostConnection (is buffer-handling thread)
04-01 10:53:17.290  1453  1509 D         : HostConnection::get() New Host Connection established 0xec7c6880, tid 1509
04-01 10:53:17.290  1453  1509 D gralloc_ranchu: gralloc_unregister_buffer: exiting HostConnection (is buffer-handling thread)
04-01 10:53:17.292  1443  1489 D gralloc_ranchu: gralloc_alloc: Creating ashmem region of size 17973248
04-01 10:53:17.296  1453  1476 D         : HostConnection::get() New Host Connection established 0xec4a1540, tid 1476
04-01 10:53:17.298  1444  1536 D gralloc_ranchu: gralloc_unregister_buffer: exiting HostConnection (is buffer-handling thread)
04-01 10:53:17.299  1444  1536 D         : HostConnection::get() New Host Connection established 0xef832140, tid 1536
04-01 10:53:17.299  1444  1536 D gralloc_ranchu: gralloc_unregister_buffer: exiting HostConnection (is buffer-handling thread)
04-01 10:53:17.303  1444  1536 D         : HostConnection::get() New Host Connection established 0xef832140, tid 1536
04-01 10:53:17.311 19863 20025 D EGL_emulation: eglMakeCurrent: 0xcc30e380: ver 2 0 (tinfo 0xcc37f130)
04-01 10:53:17.327  1444  1536 D gralloc_ranchu: gralloc_unregister_buffer: exiting HostConnection (is buffer-handling thread)
04-01 10:53:17.328  1444  1536 D         : HostConnection::get() New Host Connection established 0xef832140, tid 1536
04-01 10:53:17.329  1444  1536 D gralloc_ranchu: gralloc_unregister_buffer: exiting HostConnection (is buffer-handling thread)
04-01 10:53:17.335  2006  2043 D         : HostConnection::get() New Host Connection established 0xccf2bb80, tid 2043
04-01 10:53:17.335  2006  2043 D gralloc_ranchu: gralloc_unregister_buffer: exiting HostConnection (is buffer-handling thread)
04-01 10:53:17.336  2006  2043 D         : HostConnection::get() New Host Connection established 0xccf2bb80, tid 2043
04-01 10:53:17.337  2006  2043 D gralloc_ranchu: gralloc_unregister_buffer: exiting HostConnection (is buffer-handling thread)
04-01 10:53:17.338  1443  1489 D gralloc_ranchu: gralloc_alloc: Creating ashmem region of size 17973248
04-01 10:53:17.343  2006  2046 D         : HostConnection::get() New Host Connection established 0xcb22e800, tid 2046
04-01 10:53:17.344  2006  2046 D gralloc_ranchu: gralloc_unregister_buffer: exiting HostConnection (is buffer-handling thread)
04-01 10:53:17.344  2006  2046 D         : HostConnection::get() New Host Connection established 0xcb22e800, tid 2046
04-01 10:53:17.345  1444  1536 D         : HostConnection::get() New Host Connection established 0xef832140, tid 1536
04-01 10:53:17.345  2006  2046 D gralloc_ranchu: gralloc_unregister_buffer: exiting HostConnection (is buffer-handling thread)
04-01 10:53:17.381  1443  1489 D gralloc_ranchu: gralloc_alloc: Creating ashmem region of size 17973248
04-01 10:53:17.397  8209  8209 D LifecycleMonitor: Lifecycle status change: com.shvet.hw10.MainActivity@8c2e787 in: STOPPED
04-01 10:53:17.398  8209  8209 V ActivityScenario: Update currentActivityStage to STOPPED, currentActivity=com.shvet.hw10.MainActivity@8c2e787
04-01 10:53:17.401  8209  8209 D LifecycleMonitor: Lifecycle status change: com.shvet.hw10.MainActivity@8c2e787 in: DESTROYED
04-01 10:53:17.402  8209  8209 V ActivityScenario: Update currentActivityStage to DESTROYED, currentActivity=null
04-01 10:53:17.404  8209  8237 I TestRunner: finished: resultSurvivesRotation(com.shvet.hw10.ExampleInstrumentedTest)
